// Jest Snapshot v1, https://goo.gl/fbAQLP

exports[`Snapshot test for Demographics component 1`] = `
<div
  className="formContainer"
>
  <form
    onReset={[Function]}
    onSubmit={[Function]}
  >
    <div
      className="sc-bdVaJa cGsKqY"
    >
      <input
        name="name"
        onBlur={[Function]}
        onChange={[Function]}
        placeholder="name"
        type="name"
      />
      <select
        name="age"
        onBlur={[Function]}
        onChange={[Function]}
        placeholder="Please enter your age"
      >
        <optgroup
          label="Age"
        >
          <option
            value="InitAge"
          >
            Enter your age
          </option>
          <option
            value="18-24"
          >
            18-24
          </option>
          <option
            value="25-30"
          >
            25-30
          </option>
          <option
            value="31-55"
          >
            31-55
          </option>
          <option
            value="55+"
          >
            55+
          </option>
        </optgroup>
      </select>
      <select
        name="height"
        onBlur={[Function]}
        onChange={[Function]}
        placeholder="Please enter your height"
      >
        <optgroup
          label="Height"
        >
          <option
            value="InitHeight"
          >
            Enter your Height Here
          </option>
          <option
            value="4ft"
          >
            4ft
          </option>
          <option
            value="4ft-5ft"
          >
            4ft-5ft
          </option>
          <option
            value="5ft-5.5ft"
          >
            5ft-5.5ft
          </option>
          <option
            value="5.5ft-6ft"
          >
            5.5ft-6ft
          </option>
          <option
            value="6ft+"
          >
            6ft+
          </option>
        </optgroup>
      </select>
      <select
        name="gender"
        onBlur={[Function]}
        onChange={[Function]}
      >
        <optgroup
          label="gender"
        >
          <option
            value="InitGender"
          >
            Choose a gender
          </option>
          <option
            value="Male"
          >
            Male
          </option>
          <option
            value="Female"
          >
            Female
          </option>
          <option
            value="Other"
          >
            Other
          </option>
        </optgroup>
      </select>
      <select
        name="race"
        onBlur={[Function]}
        onChange={[Function]}
      >
        <optgroup
          label="Race"
        >
          <option
            value="InitRace"
          >
            Choose Race
          </option>
          <option
            value="White"
          >
            White
          </option>
          <option
            value="Black"
          >
            Black
          </option>
          <option
            value="Hispanic"
          >
            Hispanic
          </option>
          <option
            value="Asian"
          >
            Asian
          </option>
        </optgroup>
      </select>
      <button
        className="css-a9unpf"
        type="submit"
      >
        Let's Travel
      </button>
    </div>
  </form>
</div>
`;

exports[`Snapshot test for Demographics page 1`] = `
<div
  className="formContainer"
>
  <form
    onReset={[Function]}
    onSubmit={[Function]}
  >
    <div
      className="sc-bdVaJa cGsKqY"
    >
      <input
        name="name"
        onBlur={[Function]}
        onChange={[Function]}
        placeholder="name"
        type="name"
      />
      <select
        name="age"
        onBlur={[Function]}
        onChange={[Function]}
        placeholder="Please enter your age"
      >
        <optgroup
          label="Age"
        >
          <option
            value="InitAge"
          >
            Enter your age
          </option>
          <option
            value="18-24"
          >
            18-24
          </option>
          <option
            value="25-30"
          >
            25-30
          </option>
          <option
            value="31-55"
          >
            31-55
          </option>
          <option
            value="55+"
          >
            55+
          </option>
        </optgroup>
      </select>
      <select
        name="height"
        onBlur={[Function]}
        onChange={[Function]}
        placeholder="Please enter your height"
      >
        <optgroup
          label="Height"
        >
          <option
            value="InitHeight"
          >
            Enter your Height Here
          </option>
          <option
            value="4ft"
          >
            4ft
          </option>
          <option
            value="4ft-5ft"
          >
            4ft-5ft
          </option>
          <option
            value="5ft-5.5ft"
          >
            5ft-5.5ft
          </option>
          <option
            value="5.5ft-6ft"
          >
            5.5ft-6ft
          </option>
          <option
            value="6ft+"
          >
            6ft+
          </option>
        </optgroup>
      </select>
      <select
        name="gender"
        onBlur={[Function]}
        onChange={[Function]}
      >
        <optgroup
          label="gender"
        >
          <option
            value="InitGender"
          >
            Choose a gender
          </option>
          <option
            value="Male"
          >
            Male
          </option>
          <option
            value="Female"
          >
            Female
          </option>
          <option
            value="Other"
          >
            Other
          </option>
        </optgroup>
      </select>
      <select
        name="race"
        onBlur={[Function]}
        onChange={[Function]}
      >
        <optgroup
          label="Race"
        >
          <option
            value="InitRace"
          >
            Choose Race
          </option>
          <option
            value="White"
          >
            White
          </option>
          <option
            value="Black"
          >
            Black
          </option>
          <option
            value="Hispanic"
          >
            Hispanic
          </option>
          <option
            value="Asian"
          >
            Asian
          </option>
        </optgroup>
      </select>
      <button
        className="css-a9unpf"
        type="submit"
      >
        Let's Travel
      </button>
    </div>
  </form>
</div>
`;

exports[`Snapshot test for Signup page 1`] = `
<div
  className="formContainer"
>
  <form
    onReset={[Function]}
    onSubmit={[Function]}
  >
    <div
      className="sc-bdVaJa cGsKqY"
    >
      <input
        name="name"
        onBlur={[Function]}
        onChange={[Function]}
        placeholder="name"
        type="name"
      />
      <select
        name="age"
        onBlur={[Function]}
        onChange={[Function]}
        placeholder="Please enter your age"
      >
        <optgroup
          label="Age"
        >
          <option
            value="InitAge"
          >
            Enter your age
          </option>
          <option
            value="18-24"
          >
            18-24
          </option>
          <option
            value="25-30"
          >
            25-30
          </option>
          <option
            value="31-55"
          >
            31-55
          </option>
          <option
            value="55+"
          >
            55+
          </option>
        </optgroup>
      </select>
      <select
        name="height"
        onBlur={[Function]}
        onChange={[Function]}
        placeholder="Please enter your height"
      >
        <optgroup
          label="Height"
        >
          <option
            value="InitHeight"
          >
            Enter your Height Here
          </option>
          <option
            value="4ft"
          >
            4ft
          </option>
          <option
            value="4ft-5ft"
          >
            4ft-5ft
          </option>
          <option
            value="5ft-5.5ft"
          >
            5ft-5.5ft
          </option>
          <option
            value="5.5ft-6ft"
          >
            5.5ft-6ft
          </option>
          <option
            value="6ft+"
          >
            6ft+
          </option>
        </optgroup>
      </select>
      <select
        name="gender"
        onBlur={[Function]}
        onChange={[Function]}
      >
        <optgroup
          label="gender"
        >
          <option
            value="InitGender"
          >
            Choose a gender
          </option>
          <option
            value="Male"
          >
            Male
          </option>
          <option
            value="Female"
          >
            Female
          </option>
          <option
            value="Other"
          >
            Other
          </option>
        </optgroup>
      </select>
      <select
        name="race"
        onBlur={[Function]}
        onChange={[Function]}
      >
        <optgroup
          label="Race"
        >
          <option
            value="InitRace"
          >
            Choose Race
          </option>
          <option
            value="White"
          >
            White
          </option>
          <option
            value="Black"
          >
            Black
          </option>
          <option
            value="Hispanic"
          >
            Hispanic
          </option>
          <option
            value="Asian"
          >
            Asian
          </option>
        </optgroup>
      </select>
      <button
        className="css-a9unpf"
        type="submit"
      >
        Let's Travel
      </button>
    </div>
  </form>
</div>
`;
