// Jest Snapshot v1, https://goo.gl/fbAQLP

exports[`Snapshot test for Login page 1`] = `
<div
  className="col-container"
>
  <div
    className="col3"
  >
    <div
      className="form-container css-192m1qh"
    >
      <h1
        className="heading"
      >
        Log in to your account.
      </h1>
      <div
        className="auth-links"
      >
        <div
          className="auth-link"
        >
          <img
            alt="auth-0 link"
            src="btn_google_signin_light_normal_web.png"
          />
        </div>
        <div
          className="auth-link"
        >
          <img
            alt="Facebook auth0 button"
            src="login-facebook.png"
          />
        </div>
      </div>
      <form
        className="login-form"
        onSubmit={[Function]}
      >
        <input
          className="form-input"
          name="username"
          onChange={[Function]}
          placeholder="Username"
          value=""
        />
        <input
          className="form-input"
          name="password"
          onChange={[Function]}
          placeholder="Password"
          type="password"
          value=""
        />
        <button
          className="css-17ddmg5"
          onClick={[Function]}
          type="button"
        >
          Login
        </button>
      </form>
    </div>
  </div>
  <div
    className="col4"
  >
    <div
      className="heading-container"
    >
      <h1
        className="css-1kdk8in"
      >
        New around here?
      </h1>
      <strong>
        <p>
          Please Create a 
        </p>
        <p>
          new user account.
        </p>
      </strong>
      <a
        href="/signup"
        onClick={[Function]}
      >
        <button
          className="css-3n2czx"
        >
          Sign Up
        </button>
      </a>
    </div>
  </div>
</div>
`;
